{
    "basic_kbda2": {
        "1.1": {
            "windows": {
                "12.0.52.0": {
                    "missing": true
                }
            }
        }
    }
}